------------------------------------------------------------
TimeQuest Timing Analyzer Summary
------------------------------------------------------------

Type  : Slow 1100mV 85C Model Setup 'FPGA_CLK1_50'
Slack : -3.293
TNS   : -235.081

Type  : Slow 1100mV 85C Model Hold 'FPGA_CLK1_50'
Slack : 0.278
TNS   : 0.000

Type  : Slow 1100mV 85C Model Minimum Pulse Width 'FPGA_CLK1_50'
Slack : -2.174
TNS   : -340.276

Type  : Slow 1100mV 0C Model Setup 'FPGA_CLK1_50'
Slack : -3.374
TNS   : -230.675

Type  : Slow 1100mV 0C Model Hold 'FPGA_CLK1_50'
Slack : 0.264
TNS   : 0.000

Type  : Slow 1100mV 0C Model Minimum Pulse Width 'FPGA_CLK1_50'
Slack : -2.174
TNS   : -345.560

Type  : Fast 1100mV 85C Model Setup 'FPGA_CLK1_50'
Slack : -1.585
TNS   : -89.613

Type  : Fast 1100mV 85C Model Hold 'FPGA_CLK1_50'
Slack : 0.157
TNS   : 0.000

Type  : Fast 1100mV 85C Model Minimum Pulse Width 'FPGA_CLK1_50'
Slack : -2.174
TNS   : -295.982

Type  : Fast 1100mV 0C Model Setup 'FPGA_CLK1_50'
Slack : -1.487
TNS   : -74.065

Type  : Fast 1100mV 0C Model Hold 'FPGA_CLK1_50'
Slack : 0.140
TNS   : 0.000

Type  : Fast 1100mV 0C Model Minimum Pulse Width 'FPGA_CLK1_50'
Slack : -2.174
TNS   : -295.824

------------------------------------------------------------
